Enter password:
Welcome to the MySQL monitor.  Commands end with ; or \g.
Your MySQL connection id is 19
Server version: 8.0.34 MySQL Community Server - GPL

Copyright (c) 2000, 2023, Oracle and/or its affiliates.
Oracle is a registered trademark of Oracle Corporation and/or its
affiliates. Other names may be trademarks of their respective
owners.

Type 'help;' or '\h' for help. Type '\c' to clear the current input statement.

mysql> show databases;
+------------------------+
| Database               |
+------------------------+
| company                |
| db3                    |
| information_schema     |
| mysql                  |
| part_explorer_database |
| performance_schema     |
| sys                    |
+------------------------+
7 rows in set (0.01 sec)

mysql> use part_explorer_database;
Database changed
mysql> show tables;
+----------------------------------+
| Tables_in_part_explorer_database |
+----------------------------------+
| build_parts                      |
| cooling_fan                      |
| cpu                              |
| gpu                              |
| motherboard                      |
| parts                            |
| power_supply                     |
| price_build_parts                |
| price_range                      |
| ram                              |
| storage_drive                    |
| user                             |
| user_build                       |
| user_search_parts                |
+----------------------------------+
14 rows in set (0.01 sec)

mysql> desc STORAGE_DRIVE;
+--------------+-------------+------+-----+---------+-------+
| Field        | Type        | Null | Key | Default | Extra |
+--------------+-------------+------+-----+---------+-------+
| SerialNumber | int         | YES  |     | NULL    |       |
| SD_Type      | varchar(50) | YES  |     | NULL    |       |
| Capacity     | varchar(50) | YES  |     | NULL    |       |
+--------------+-------------+------+-----+---------+-------+
3 rows in set (0.00 sec)

mysql> alter table STORAGE_DRIVE modify SerialNumber int primary key;
Query OK, 0 rows affected (0.01 sec)
Records: 0  Duplicates: 0  Warnings: 0

mysql> desc STORAGE_DRIVE;
+--------------+-------------+------+-----+---------+-------+
| Field        | Type        | Null | Key | Default | Extra |
+--------------+-------------+------+-----+---------+-------+
| SerialNumber | int         | NO   | PRI | NULL    |       |
| SD_Type      | varchar(50) | YES  |     | NULL    |       |
| Capacity     | varchar(50) | YES  |     | NULL    |       |
+--------------+-------------+------+-----+---------+-------+
3 rows in set (0.00 sec)

mysql> desc STORAGE_DRIVE;
+--------------+-------------+------+-----+---------+-------+
| Field        | Type        | Null | Key | Default | Extra |
+--------------+-------------+------+-----+---------+-------+
| SerialNumber | int         | NO   | PRI | NULL    |       |
| SD_Type      | varchar(50) | YES  |     | NULL    |       |
| Capacity     | varchar(50) | YES  |     | NULL    |       |
+--------------+-------------+------+-----+---------+-------+
3 rows in set (0.00 sec)

mysql> desc PARTS;
+--------------+-------------+------+-----+---------+-------+
| Field        | Type        | Null | Key | Default | Extra |
+--------------+-------------+------+-----+---------+-------+
| SerialNumber | int         | NO   | PRI | NULL    |       |
| brand        | varchar(50) | YES  |     | NULL    |       |
| price        | varchar(50) | YES  |     | NULL    |       |
| PartType     | varchar(50) | YES  |     | NULL    |       |
+--------------+-------------+------+-----+---------+-------+
4 rows in set (0.00 sec)

mysql> desc User
    -> ;
+--------+-------------+------+-----+---------+-------+
| Field  | Type        | Null | Key | Default | Extra |
+--------+-------------+------+-----+---------+-------+
| UserID | int         | NO   |     | NULL    |       |
| name   | varchar(50) | YES  |     | NULL    |       |
+--------+-------------+------+-----+---------+-------+
2 rows in set (0.00 sec)

mysql> alter table User modify UserID int primary Key;
Query OK, 0 rows affected (0.02 sec)
Records: 0  Duplicates: 0  Warnings: 0

mysql> desc User
    -> ;
+--------+-------------+------+-----+---------+-------+
| Field  | Type        | Null | Key | Default | Extra |
+--------+-------------+------+-----+---------+-------+
| UserID | int         | NO   | PRI | NULL    |       |
| name   | varchar(50) | YES  |     | NULL    |       |
+--------+-------------+------+-----+---------+-------+
2 rows in set (0.00 sec)

mysql> desc PARTS
    -> ;
+--------------+-------------+------+-----+---------+-------+
| Field        | Type        | Null | Key | Default | Extra |
+--------------+-------------+------+-----+---------+-------+
| SerialNumber | int         | NO   | PRI | NULL    |       |
| brand        | varchar(50) | YES  |     | NULL    |       |
| price        | varchar(50) | YES  |     | NULL    |       |
| PartType     | varchar(50) | YES  |     | NULL    |       |
+--------------+-------------+------+-----+---------+-------+
4 rows in set (0.00 sec)

mysql> ALTER TABLE Persons
    ->
    -> ;
ERROR 1146 (42S02): Table 'part_explorer_database.persons' doesn't exist
mysql> ALTER TABLE PARTS DROP PRIMARY KEY;
ERROR 1553 (HY000): Cannot drop index 'PRIMARY': needed in a foreign key constraint
mysql> desc STORAGE_DRIVE;
+--------------+-------------+------+-----+---------+-------+
| Field        | Type        | Null | Key | Default | Extra |
+--------------+-------------+------+-----+---------+-------+
| SerialNumber | int         | NO   | PRI | NULL    |       |
| SD_Type      | varchar(50) | YES  |     | NULL    |       |
| Capacity     | varchar(50) | YES  |     | NULL    |       |
+--------------+-------------+------+-----+---------+-------+
3 rows in set (0.00 sec)

mysql> ALTER TABLE SerialNumber DROP PRIMARY KEY;
ERROR 1146 (42S02): Table 'part_explorer_database.serialnumber' doesn't exist
mysql> ALTER TABLE STORAGE_DRVIE DROP PRIMARY KEY;
ERROR 1146 (42S02): Table 'part_explorer_database.storage_drvie' doesn't exist
mysql> ALTER TABLE STORAGE_DRIVE DROP PRIMARY KEY;
ERROR 1553 (HY000): Cannot drop index 'PRIMARY': needed in a foreign key constraint
mysql> ALTER TABLE STORAGE_DRIVE DROP CONSTRAINT SerialNumber;
ERROR 3940 (HY000): Constraint 'SerialNumber' does not exist.
mysql> desc STORAGE_DRIVE;
+--------------+-------------+------+-----+---------+-------+
| Field        | Type        | Null | Key | Default | Extra |
+--------------+-------------+------+-----+---------+-------+
| SerialNumber | int         | NO   | PRI | NULL    |       |
| SD_Type      | varchar(50) | YES  |     | NULL    |       |
| Capacity     | varchar(50) | YES  |     | NULL    |       |
+--------------+-------------+------+-----+---------+-------+
3 rows in set (0.00 sec)

mysql> desc USER_BUILD;
+-------------+-------------+------+-----+---------+-------+
| Field       | Type        | Null | Key | Default | Extra |
+-------------+-------------+------+-----+---------+-------+
| Build_ID    | int         | YES  |     | NULL    |       |
| UserID      | int         | YES  | MUL | NULL    |       |
| Build_parts | varchar(50) | YES  |     | NULL    |       |
+-------------+-------------+------+-----+---------+-------+
3 rows in set (0.00 sec)

mysql> alter table USER_BUILD modify Build_ID int primary Key;
Query OK, 0 rows affected (0.02 sec)
Records: 0  Duplicates: 0  Warnings: 0

mysql> desc USER_BUILD;
+-------------+-------------+------+-----+---------+-------+
| Field       | Type        | Null | Key | Default | Extra |
+-------------+-------------+------+-----+---------+-------+
| Build_ID    | int         | NO   | PRI | NULL    |       |
| UserID      | int         | YES  | MUL | NULL    |       |
| Build_parts | varchar(50) | YES  |     | NULL    |       |
+-------------+-------------+------+-----+---------+-------+
3 rows in set (0.00 sec)

mysql> desc PRICE_RANGE;
+---------------+-------------+------+-----+---------+-------+
| Field         | Type        | Null | Key | Default | Extra |
+---------------+-------------+------+-----+---------+-------+
| PriceRange_ID | int         | YES  |     | NULL    |       |
| UserID        | int         | YES  |     | NULL    |       |
| price         | varchar(50) | YES  |     | NULL    |       |
+---------------+-------------+------+-----+---------+-------+
3 rows in set (0.00 sec)

mysql> alter table PRICE_RANGE modify PriceRange_ID int primary Key;
Query OK, 0 rows affected (0.01 sec)
Records: 0  Duplicates: 0  Warnings: 0

mysql> desc PRICE_RANGE;
+---------------+-------------+------+-----+---------+-------+
| Field         | Type        | Null | Key | Default | Extra |
+---------------+-------------+------+-----+---------+-------+
| PriceRange_ID | int         | NO   | PRI | NULL    |       |
| UserID        | int         | YES  |     | NULL    |       |
| price         | varchar(50) | YES  |     | NULL    |       |
+---------------+-------------+------+-----+---------+-------+
3 rows in set (0.00 sec)

mysql> desc PRICE_BUILDS;
ERROR 1146 (42S02): Table 'part_explorer_database.price_builds' doesn't exist
mysql> desc USER_SEARCH_PARTS;
+--------------+------+------+-----+---------+-------+
| Field        | Type | Null | Key | Default | Extra |
+--------------+------+------+-----+---------+-------+
| UserID       | int  | YES  |     | NULL    |       |
| SerialNumber | int  | YES  |     | NULL    |       |
+--------------+------+------+-----+---------+-------+
2 rows in set (0.00 sec)

mysql> desc PRICE_BUILD_PARTS;
+---------------+------+------+-----+---------+-------+
| Field         | Type | Null | Key | Default | Extra |
+---------------+------+------+-----+---------+-------+
| PriceBuild_ID | int  | YES  |     | NULL    |       |
| SerialNumber  | int  | YES  |     | NULL    |       |
+---------------+------+------+-----+---------+-------+
2 rows in set (0.00 sec)

mysql> show tables;
+----------------------------------+
| Tables_in_part_explorer_database |
+----------------------------------+
| build_parts                      |
| cooling_fan                      |
| cpu                              |
| gpu                              |
| motherboard                      |
| parts                            |
| power_supply                     |
| price_build_parts                |
| price_builds                     |
| price_range                      |
| ram                              |
| storage_drive                    |
| user                             |
| user_build                       |
| user_search_parts                |
+----------------------------------+
15 rows in set (0.01 sec)

mysql> ^A